======================
The ``3-say_my_name`` module
======================

Using ``say_my_name``
-------------------

This is a text file to test the 3-say_my_name module.  First import
``3-say_my_name`` from the ``say_my_name`` module:

>>> say_my_name = __import__('3-say_my_name').say_my_name

Now use it with:

>>> len(__import__("3-say_my_name").__doc__) >= 5
True

>>> len(__import__("3-say_my_name").say_my_name.__doc__) >= 3
True

>>> say_my_name("", 'c')
My name is  c

>>> say_my_name('a', "")
My name is a 

>>> say_my_name("John", "Smith")
My name is John Smith

>>> say_my_name("Bob")
My name is Bob 

>>> say_my_name("", "Vict") 
My name is  Vict

>>> say_my_name(12, "White")
Traceback (most recent call last):
TypeError: first_name must be a string

>>> say_my_name("Arv", 12)
Traceback (most recent call last):
TypeError: last_name must be a string

>>> say_my_name("", "")
My name is  

>>> say_my_name()
Traceback (most recent call last):
TypeError: say_my_name() missing 1 required positional argument: 'first_name'
